// Jest Snapshot v1, https://goo.gl/fbAQLP

exports[`Atom CustomPasswordInput Component Snapshot 1`] = `
<View
  style={
    Object {
      "alignItems": "center",
      "flexDirection": "row",
      "justifyContent": "space-between",
      "width": "100%",
    }
  }
>
  <TextInput
    onChangeText={[Function]}
    placeholder=" "
    secureTextEntry={true}
    style={
      Object {
        "fontFamily": "OpenSans-Bold",
        "width": "95%",
      }
    }
    testID="atom-customPasswordInput"
    value=""
  />
  <View
    accessible={true}
    collapsable={false}
    focusable={true}
    hitSlop={5}
    onBlur={[Function]}
    onClick={[Function]}
    onFocus={[Function]}
    onResponderGrant={[Function]}
    onResponderMove={[Function]}
    onResponderRelease={[Function]}
    onResponderTerminate={[Function]}
    onResponderTerminationRequest={[Function]}
    onStartShouldSetResponder={[Function]}
    style={
      Object {
        "marginRight": 10,
      }
    }
    testID="atom-customPasswordInput-pressable"
  >
    <Text
      allowFontScaling={false}
      selectable={false}
      style={
        Array [
          Object {
            "color": undefined,
            "fontSize": 12,
          },
          Object {
            "color": "#9e9e9e",
            "fontSize": 18,
          },
          Object {
            "fontFamily": "Ionicons",
            "fontStyle": "normal",
            "fontWeight": "normal",
          },
          Object {},
        ]
      }
      testID="atom-customPasswordInput-icon"
    >
      ïŠ¸
    </Text>
  </View>
</View>
`;
