// Jest Snapshot v1, https://goo.gl/fbAQLP

exports[`Atom calendarStripe Component Snapshot 1`] = `
<View
  testID="atom-calendarStripe"
>
  <View
    style={
      Array [
        Object {
          "overflow": "hidden",
        },
        Object {
          "backgroundColor": undefined,
        },
        Object {
          "height": 50,
          "marginTop": 10,
        },
      ]
    }
  >
    <View
      style={
        Array [
          Object {
            "flex": 1,
          },
          Object {
            "height": 0,
          },
        ]
      }
    >
      <View
        style={
          Object {
            "alignItems": "center",
            "flex": 1,
            "flexDirection": "row",
            "justifyContent": "space-between",
          }
        }
      >
        <View
          accessibilityState={
            Object {
              "disabled": false,
            }
          }
          accessible={true}
          collapsable={false}
          focusable={true}
          onClick={[Function]}
          onResponderGrant={[Function]}
          onResponderMove={[Function]}
          onResponderRelease={[Function]}
          onResponderTerminate={[Function]}
          onResponderTerminationRequest={[Function]}
          onStartShouldSetResponder={[Function]}
          style={
            Object {
              "alignItems": "center",
              "alignSelf": "center",
              "display": "none",
              "justifyContent": "center",
              "opacity": 1,
            }
          }
        >
          <Image
            source={
              Object {
                "testUri": "../../react-native-calendar-strip/src/img/left-arrow-black.png",
              }
            }
            style={
              Array [
                Object {
                  "resizeMode": "contain",
                },
                Object {
                  "height": 0,
                  "width": 0,
                },
                undefined,
                undefined,
                Object {
                  "opacity": 1,
                },
              ]
            }
          />
        </View>
        <View
          onLayout={[Function]}
          style={
            Object {
              "alignItems": "center",
              "flex": 1,
              "flexDirection": "row",
              "justifyContent": "center",
            }
          }
        />
        <View
          accessibilityState={
            Object {
              "disabled": false,
            }
          }
          accessible={true}
          collapsable={false}
          focusable={true}
          onClick={[Function]}
          onResponderGrant={[Function]}
          onResponderMove={[Function]}
          onResponderRelease={[Function]}
          onResponderTerminate={[Function]}
          onResponderTerminationRequest={[Function]}
          onStartShouldSetResponder={[Function]}
          style={
            Object {
              "alignItems": "center",
              "alignSelf": "center",
              "display": "none",
              "justifyContent": "center",
              "opacity": 1,
            }
          }
        >
          <Image
            source={
              Object {
                "testUri": "../../react-native-calendar-strip/src/img/right-arrow-black.png",
              }
            }
            style={
              Array [
                Object {
                  "resizeMode": "contain",
                },
                Object {
                  "height": 0,
                  "width": 0,
                },
                undefined,
                undefined,
                Object {
                  "opacity": 1,
                },
              ]
            }
          />
        </View>
      </View>
    </View>
  </View>
</View>
`;
