// Jest Snapshot v1, https://goo.gl/fbAQLP

exports[`Atom AddPhotoButton Component Snapshot 1`] = `
<BVLinearGradient
  colors={
    Array [
      4278363496,
      4285643865,
    ]
  }
  endPoint={
    Object {
      "x": 1,
      "y": 0.5,
    }
  }
  locations={null}
  startPoint={
    Object {
      "x": 0,
      "y": 0.5,
    }
  }
  style={
    Object {
      "alignItems": "center",
      "borderRadius": 10,
      "elevation": 8,
      "height": 35,
      "justifyContent": "center",
      "width": "100%",
    }
  }
>
  <View
    accessible={true}
    collapsable={false}
    focusable={true}
    onBlur={[Function]}
    onClick={[Function]}
    onFocus={[Function]}
    onResponderGrant={[Function]}
    onResponderMove={[Function]}
    onResponderRelease={[Function]}
    onResponderTerminate={[Function]}
    onResponderTerminationRequest={[Function]}
    onStartShouldSetResponder={[Function]}
    style={
      Object {
        "alignItems": "center",
        "borderRadius": 10,
        "height": 35,
        "justifyContent": "center",
        "opacity": 0.8,
        "width": "100%",
      }
    }
    testID="atom-buttonGreen"
  >
    <Text
      style={
        Object {
          "color": "#fff",
          "fontFamily": "OpenSans-Bold",
        }
      }
    >
      Button Green
    </Text>
  </View>
</BVLinearGradient>
`;
