// Jest Snapshot v1, https://goo.gl/fbAQLP

exports[`Atom AddPhotoButton Component Snapshot 1`] = `
<View
  accessible={true}
  collapsable={false}
  focusable={true}
  onBlur={[Function]}
  onClick={[Function]}
  onFocus={[Function]}
  onResponderGrant={[Function]}
  onResponderMove={[Function]}
  onResponderRelease={[Function]}
  onResponderTerminate={[Function]}
  onResponderTerminationRequest={[Function]}
  onStartShouldSetResponder={[Function]}
  style={
    Object {
      "alignItems": "center",
      "backgroundColor": "#fff",
      "borderRadius": 25,
      "height": 30,
      "justifyContent": "center",
      "left": 70,
      "opacity": 0.9,
      "position": "relative",
      "top": -30,
      "width": 30,
    }
  }
  testID="atom-addPhotoButton"
>
  <Text
    allowFontScaling={false}
    selectable={false}
    style={
      Array [
        Object {
          "color": undefined,
          "fontSize": 12,
        },
        Object {
          "color": "#43b35d",
          "fontSize": 26,
        },
        Object {
          "fontFamily": "anticon",
          "fontStyle": "normal",
          "fontWeight": "normal",
        },
        Object {},
      ]
    }
  >
    î˜¦
  </Text>
</View>
`;
